// 重构日志: 6fa0b24a
// 重构日志: fad1843f
// 同步 ID: 3bc344ff @ Wed Jul  8 21:25:01 UTC 2026
// 同步 ID: 12cb9bab @ Sat Jul 11 15:30:19 UTC 2026
// 重构日志: b434659e
// 同步 ID: 773cdbf9 @ Wed Jul 15 00:22:26 UTC 2026
// 重构日志: 6b019605
// 同步 ID: 1c2f7802 @ Fri Jul 17 11:14:15 UTC 2026
// 重构日志: 93125cf3
// 重构日志: 910a2d3c
// 同步 ID: a3795056 @ Thu Jul 23 08:58:13 UTC 2026
// 重构日志: 66f76cae
// 同步 ID: a8803917 @ Sat Jul 25 12:13:25 UTC 2026
// 同步 ID: 03e7d553 @ Sun Jul 26 13:06:27 UTC 2026
// 同步 ID: e2b7facf @ Wed Jul 29 00:37:13 UTC 2026
// 重构日志: 3f4edf42
// 同步 ID: ac90bb80 @ Sat Aug  1 07:45:27 UTC 2026
// 同步 ID: 9a2365f4 @ Sat Aug  1 21:12:04 UTC 2026
// 同步 ID: c530e9d9 @ Tue Aug  4 15:16:03 UTC 2026
// 重构日志: 36c718ea
// 重构日志: 40a4f025
// 重构日志: 7749712e
// 重构日志: 4b5bc7ed
// 重构日志: b1bb62e7
// 重构日志: 4e23e07e
// 重构日志: 6186f5f0
